2025-06-27 05:41:42.036 | INFO     | __main__:<module>:38 - Upload folder initialized at uploaded_images
2025-06-27 05:41:42.116 | INFO     | __main__:<module>:48 - CORS middleware configured
2025-06-27 05:41:42.124 | INFO     | __main__:<module>:178 - Registering mDNS service...
2025-06-27 05:41:42.125 | INFO     | __main__:register_mdns_service:73 - Registering service: ServiceInfo(type='_http._tcp.local.', name='VisionXAI API._http._tcp.local.', addresses=[b'\xac\x12\x00\x02'], port=5353, weight=0, priority=0, server='d165c79d00e8.local.', properties={'description': 'Image Captioning API in Bengali'}, interface_index=None)
2025-06-27 05:41:42.130 | INFO     | __main__:register_mdns_service:76 - Attempting to register mDNS service...
2025-06-27 05:41:42.940 | INFO     | __main__:register_mdns_service:79 - mDNS service registered successfully.
2025-06-27 05:41:42.944 | INFO     | __main__:register_mdns_service:83 - mDNS service registered: VisionXAI API._http._tcp.local. on 172.18.0.2:5353
2025-06-27 05:41:42.948 | INFO     | __main__:<module>:185 - Starting the API server at http://172.18.0.2:5000
2025-06-27 05:44:31.834 | INFO     | __main__:upload_image:117 - Upload endpoint called
2025-06-27 05:44:31.835 | INFO     | __main__:upload_image:131 - Clearing existing files in the upload folder
2025-06-27 05:44:31.871 | INFO     | __main__:upload_image:142 - Image uploaded successfully: uploaded_images/image.jpg
2025-06-27 05:44:31.897 | INFO     | __main__:generate_caption:151 - Caption generation endpoint called
2025-06-27 05:44:31.900 | INFO     | __main__:generate_caption:165 - Generating caption for image: uploaded_images/image.jpg
2025-06-27 05:44:34.990 | INFO     | ImgCap.captioner:generate:708 - Generated caption for image uploaded_images/image.jpg: একটা ছেলে লাল জামা পরে আছে
2025-06-27 05:44:34.991 | INFO     | __main__:generate_caption:173 - Caption generated successfully for uploaded_images/image.jpg
2025-06-27 05:47:45.686 | INFO     | __main__:lifespan:91 - Unregistering mDNS service...
2025-06-27 05:47:45.945 | INFO     | __main__:lifespan:94 - mDNS service unregistered.
2025-06-27 05:47:45.956 | INFO     | __main__:<module>:194 - Shutting down the server
2025-06-27 05:47:45.961 | INFO     | __main__:<module>:196 - Unregistering mDNS service...
2025-06-27 06:21:05.305 | INFO     | __main__:<module>:38 - Upload folder initialized at uploaded_images
2025-06-27 06:21:05.373 | INFO     | __main__:<module>:48 - CORS middleware configured
2025-06-27 06:21:05.385 | INFO     | __main__:<module>:178 - Registering mDNS service...
2025-06-27 06:21:05.395 | INFO     | __main__:register_mdns_service:73 - Registering service: ServiceInfo(type='_http._tcp.local.', name='VisionXAI API._http._tcp.local.', addresses=[b'\xac\x13\x00\x02'], port=5353, weight=0, priority=0, server='9bfb0b888ca0.local.', properties={'description': 'Image Captioning API in Bengali'}, interface_index=None)
2025-06-27 06:21:05.398 | INFO     | __main__:register_mdns_service:76 - Attempting to register mDNS service...
2025-06-27 06:21:06.207 | INFO     | __main__:register_mdns_service:79 - mDNS service registered successfully.
2025-06-27 06:21:06.209 | INFO     | __main__:register_mdns_service:83 - mDNS service registered: VisionXAI API._http._tcp.local. on 172.19.0.2:5353
2025-06-27 06:21:06.210 | INFO     | __main__:<module>:185 - Starting the API server at http://172.19.0.2:5000
2025-06-27 06:26:36.468 | INFO     | __main__:lifespan:91 - Unregistering mDNS service...
2025-06-27 06:26:36.828 | INFO     | __main__:lifespan:94 - mDNS service unregistered.
2025-06-27 06:26:36.857 | INFO     | __main__:<module>:194 - Shutting down the server
2025-06-27 06:26:36.859 | INFO     | __main__:<module>:196 - Unregistering mDNS service...
2025-06-27 06:27:23.369 | INFO     | __main__:<module>:38 - Upload folder initialized at uploaded_images
2025-06-27 06:27:23.380 | INFO     | __main__:<module>:48 - CORS middleware configured
2025-06-27 06:27:23.409 | INFO     | __main__:<module>:178 - Registering mDNS service...
2025-06-27 06:27:23.434 | INFO     | __main__:register_mdns_service:73 - Registering service: ServiceInfo(type='_http._tcp.local.', name='VisionXAI API._http._tcp.local.', addresses=[b'\xac\x13\x00\x02'], port=5353, weight=0, priority=0, server='2cd058cac995.local.', properties={'description': 'Image Captioning API in Bengali'}, interface_index=None)
2025-06-27 06:27:23.437 | INFO     | __main__:register_mdns_service:76 - Attempting to register mDNS service...
2025-06-27 06:27:24.245 | INFO     | __main__:register_mdns_service:79 - mDNS service registered successfully.
2025-06-27 06:27:24.247 | INFO     | __main__:register_mdns_service:83 - mDNS service registered: VisionXAI API._http._tcp.local. on 172.19.0.2:5353
2025-06-27 06:27:24.249 | INFO     | __main__:<module>:185 - Starting the API server at http://172.19.0.2:5000
2025-06-27 09:24:35.791 | INFO     | __main__:upload_image:117 - Upload endpoint called
2025-06-27 09:24:35.806 | INFO     | __main__:upload_image:131 - Clearing existing files in the upload folder
2025-06-27 09:24:35.942 | INFO     | __main__:upload_image:142 - Image uploaded successfully: uploaded_images/image.jpg
2025-06-27 09:24:36.116 | INFO     | __main__:generate_caption:151 - Caption generation endpoint called
2025-06-27 09:24:36.120 | INFO     | __main__:generate_caption:165 - Generating caption for image: uploaded_images/image.jpg
2025-06-27 09:24:43.934 | INFO     | ImgCap.captioner:generate:708 - Generated caption for image uploaded_images/image.jpg: একটা ছেলে লাল জামা পরে আছে
2025-06-27 09:24:43.938 | INFO     | __main__:generate_caption:173 - Caption generated successfully for uploaded_images/image.jpg
2025-06-27 09:27:56.904 | INFO     | __main__:upload_image:117 - Upload endpoint called
2025-06-27 09:27:56.907 | INFO     | __main__:upload_image:131 - Clearing existing files in the upload folder
2025-06-27 09:27:56.920 | INFO     | __main__:upload_image:142 - Image uploaded successfully: uploaded_images/image.jpg
2025-06-27 09:27:57.073 | INFO     | __main__:generate_caption:151 - Caption generation endpoint called
2025-06-27 09:27:57.082 | INFO     | __main__:generate_caption:165 - Generating caption for image: uploaded_images/image.jpg
2025-06-27 09:27:58.137 | INFO     | ImgCap.captioner:generate:708 - Generated caption for image uploaded_images/image.jpg: একটা ছেলে লাল জামা পরে আছে
2025-06-27 09:27:58.139 | INFO     | __main__:generate_caption:173 - Caption generated successfully for uploaded_images/image.jpg
2025-06-27 09:29:52.266 | INFO     | __main__:upload_image:117 - Upload endpoint called
2025-06-27 09:29:52.268 | INFO     | __main__:upload_image:131 - Clearing existing files in the upload folder
2025-06-27 09:29:52.282 | INFO     | __main__:upload_image:142 - Image uploaded successfully: uploaded_images/image.jpg
2025-06-27 09:29:52.440 | INFO     | __main__:generate_caption:151 - Caption generation endpoint called
2025-06-27 09:29:52.450 | INFO     | __main__:generate_caption:165 - Generating caption for image: uploaded_images/image.jpg
2025-06-27 09:29:53.232 | INFO     | ImgCap.captioner:generate:708 - Generated caption for image uploaded_images/image.jpg: একটা ছেলে লাল জামা পরে আছে
2025-06-27 09:29:53.233 | INFO     | __main__:generate_caption:173 - Caption generated successfully for uploaded_images/image.jpg
2025-06-27 09:34:38.158 | INFO     | __main__:upload_image:117 - Upload endpoint called
2025-06-27 09:34:38.160 | INFO     | __main__:upload_image:131 - Clearing existing files in the upload folder
2025-06-27 09:34:38.173 | INFO     | __main__:upload_image:142 - Image uploaded successfully: uploaded_images/image.jpg
2025-06-27 09:34:38.325 | INFO     | __main__:generate_caption:151 - Caption generation endpoint called
2025-06-27 09:34:38.332 | INFO     | __main__:generate_caption:165 - Generating caption for image: uploaded_images/image.jpg
2025-06-27 09:34:39.148 | INFO     | ImgCap.captioner:generate:708 - Generated caption for image uploaded_images/image.jpg: একটা ছেলে লাল জামা পরে আছে
2025-06-27 09:34:39.150 | INFO     | __main__:generate_caption:173 - Caption generated successfully for uploaded_images/image.jpg
2025-06-27 09:38:07.113 | INFO     | __main__:upload_image:117 - Upload endpoint called
2025-06-27 09:38:07.115 | INFO     | __main__:upload_image:131 - Clearing existing files in the upload folder
2025-06-27 09:38:07.128 | INFO     | __main__:upload_image:142 - Image uploaded successfully: uploaded_images/image.jpg
2025-06-27 09:38:07.301 | INFO     | __main__:generate_caption:151 - Caption generation endpoint called
2025-06-27 09:38:07.305 | INFO     | __main__:generate_caption:165 - Generating caption for image: uploaded_images/image.jpg
2025-06-27 09:38:08.051 | INFO     | ImgCap.captioner:generate:708 - Generated caption for image uploaded_images/image.jpg: একটা ছেলে লাল জামা পরে আছে
2025-06-27 09:38:08.052 | INFO     | __main__:generate_caption:173 - Caption generated successfully for uploaded_images/image.jpg
2025-06-27 09:40:00.332 | INFO     | __main__:upload_image:117 - Upload endpoint called
2025-06-27 09:40:00.333 | INFO     | __main__:upload_image:131 - Clearing existing files in the upload folder
2025-06-27 09:40:00.345 | INFO     | __main__:upload_image:142 - Image uploaded successfully: uploaded_images/image.jpg
2025-06-27 09:40:00.453 | INFO     | __main__:generate_caption:151 - Caption generation endpoint called
2025-06-27 09:40:00.457 | INFO     | __main__:generate_caption:165 - Generating caption for image: uploaded_images/image.jpg
2025-06-27 09:40:01.191 | INFO     | ImgCap.captioner:generate:708 - Generated caption for image uploaded_images/image.jpg: একটা ছেলে লাল জামা পরে আছে
2025-06-27 09:40:01.193 | INFO     | __main__:generate_caption:173 - Caption generated successfully for uploaded_images/image.jpg
2025-06-27 09:41:09.418 | INFO     | __main__:upload_image:117 - Upload endpoint called
2025-06-27 09:41:09.420 | INFO     | __main__:upload_image:131 - Clearing existing files in the upload folder
2025-06-27 09:41:09.433 | INFO     | __main__:upload_image:142 - Image uploaded successfully: uploaded_images/image.jpg
2025-06-27 09:41:09.503 | INFO     | __main__:generate_caption:151 - Caption generation endpoint called
2025-06-27 09:41:09.506 | INFO     | __main__:generate_caption:165 - Generating caption for image: uploaded_images/image.jpg
2025-06-27 09:41:10.222 | INFO     | ImgCap.captioner:generate:708 - Generated caption for image uploaded_images/image.jpg: একটা ছেলে লাল জামা পরে আছে
2025-06-27 09:41:10.223 | INFO     | __main__:generate_caption:173 - Caption generated successfully for uploaded_images/image.jpg
2025-06-27 09:52:42.388 | INFO     | __main__:generate_caption:151 - Caption generation endpoint called
2025-06-27 09:52:42.402 | INFO     | __main__:generate_caption:165 - Generating caption for image: uploaded_images/image.jpg
2025-06-27 09:52:43.954 | INFO     | ImgCap.captioner:generate:708 - Generated caption for image uploaded_images/image.jpg: একটা ছেলে লাল জামা পরে আছে
2025-06-27 09:52:43.955 | INFO     | __main__:generate_caption:173 - Caption generated successfully for uploaded_images/image.jpg
2025-06-27 10:12:37.235 | INFO     | __main__:generate_caption:151 - Caption generation endpoint called
2025-06-27 10:12:37.326 | INFO     | __main__:generate_caption:165 - Generating caption for image: uploaded_images/image.jpg
2025-06-27 10:12:39.001 | INFO     | ImgCap.captioner:generate:708 - Generated caption for image uploaded_images/image.jpg: একটা ছেলে লাল জামা পরে আছে
2025-06-27 10:12:39.004 | INFO     | __main__:generate_caption:173 - Caption generated successfully for uploaded_images/image.jpg
2025-06-27 12:01:36.462 | INFO     | __main__:upload_image:117 - Upload endpoint called
2025-06-27 12:01:36.475 | INFO     | __main__:upload_image:131 - Clearing existing files in the upload folder
2025-06-27 12:01:36.498 | INFO     | __main__:upload_image:142 - Image uploaded successfully: uploaded_images/image.jpg
2025-06-27 12:01:36.589 | INFO     | __main__:generate_caption:151 - Caption generation endpoint called
2025-06-27 12:01:36.609 | INFO     | __main__:generate_caption:165 - Generating caption for image: uploaded_images/image.jpg
2025-06-27 12:01:38.315 | INFO     | ImgCap.captioner:generate:708 - Generated caption for image uploaded_images/image.jpg: মহিলা টি শাড়ি পরে আছে
2025-06-27 12:01:38.317 | INFO     | __main__:generate_caption:173 - Caption generated successfully for uploaded_images/image.jpg
2025-06-27 12:40:52.508 | INFO     | __main__:upload_image:117 - Upload endpoint called
2025-06-27 12:40:52.515 | INFO     | __main__:upload_image:131 - Clearing existing files in the upload folder
2025-06-27 12:40:52.537 | INFO     | __main__:upload_image:142 - Image uploaded successfully: uploaded_images/image.jpg
2025-06-27 12:40:52.692 | INFO     | __main__:generate_caption:151 - Caption generation endpoint called
2025-06-27 12:40:52.697 | INFO     | __main__:generate_caption:165 - Generating caption for image: uploaded_images/image.jpg
2025-06-27 12:40:54.083 | INFO     | ImgCap.captioner:generate:708 - Generated caption for image uploaded_images/image.jpg: একটা ছেলে লাল জামা পরে আছে
2025-06-27 12:40:54.084 | INFO     | __main__:generate_caption:173 - Caption generated successfully for uploaded_images/image.jpg
2025-06-27 12:43:30.836 | INFO     | __main__:upload_image:117 - Upload endpoint called
2025-06-27 12:43:30.839 | INFO     | __main__:upload_image:131 - Clearing existing files in the upload folder
2025-06-27 12:43:30.862 | INFO     | __main__:upload_image:142 - Image uploaded successfully: uploaded_images/image.jpg
2025-06-27 12:43:30.884 | INFO     | __main__:generate_caption:151 - Caption generation endpoint called
2025-06-27 12:43:30.889 | INFO     | __main__:generate_caption:165 - Generating caption for image: uploaded_images/image.jpg
2025-06-27 12:43:31.708 | INFO     | ImgCap.captioner:generate:708 - Generated caption for image uploaded_images/image.jpg: একটা ছেলে লাল জামা পরে আছে
2025-06-27 12:43:31.709 | INFO     | __main__:generate_caption:173 - Caption generated successfully for uploaded_images/image.jpg
2025-06-27 12:50:02.380 | INFO     | __main__:upload_image:117 - Upload endpoint called
2025-06-27 12:50:02.382 | INFO     | __main__:upload_image:131 - Clearing existing files in the upload folder
2025-06-27 12:50:02.398 | INFO     | __main__:upload_image:142 - Image uploaded successfully: uploaded_images/image.jpg
2025-06-27 12:50:02.459 | INFO     | __main__:generate_caption:151 - Caption generation endpoint called
2025-06-27 12:50:02.466 | INFO     | __main__:generate_caption:165 - Generating caption for image: uploaded_images/image.jpg
2025-06-27 12:50:03.287 | INFO     | ImgCap.captioner:generate:708 - Generated caption for image uploaded_images/image.jpg: একটা ছেলে লাল জামা পরে আছে
2025-06-27 12:50:03.289 | INFO     | __main__:generate_caption:173 - Caption generated successfully for uploaded_images/image.jpg
2025-06-27 12:54:25.850 | INFO     | __main__:upload_image:117 - Upload endpoint called
2025-06-27 12:54:25.925 | INFO     | __main__:upload_image:131 - Clearing existing files in the upload folder
2025-06-27 12:54:26.166 | INFO     | __main__:upload_image:142 - Image uploaded successfully: uploaded_images/image.jpg
2025-06-27 12:54:26.424 | INFO     | __main__:generate_caption:151 - Caption generation endpoint called
2025-06-27 12:54:26.445 | INFO     | __main__:generate_caption:165 - Generating caption for image: uploaded_images/image.jpg
2025-06-27 12:54:27.346 | INFO     | ImgCap.captioner:generate:708 - Generated caption for image uploaded_images/image.jpg: একটা ছেলে লাল জামা পরে আছে
2025-06-27 12:54:27.347 | INFO     | __main__:generate_caption:173 - Caption generated successfully for uploaded_images/image.jpg
2025-06-27 12:58:14.201 | INFO     | __main__:upload_image:117 - Upload endpoint called
2025-06-27 12:58:14.202 | INFO     | __main__:upload_image:131 - Clearing existing files in the upload folder
2025-06-27 12:58:14.222 | INFO     | __main__:upload_image:142 - Image uploaded successfully: uploaded_images/image.jpg
2025-06-27 12:58:14.494 | INFO     | __main__:generate_caption:151 - Caption generation endpoint called
2025-06-27 12:58:14.503 | INFO     | __main__:generate_caption:165 - Generating caption for image: uploaded_images/image.jpg
2025-06-27 12:58:15.202 | INFO     | ImgCap.captioner:generate:708 - Generated caption for image uploaded_images/image.jpg: একটা ছেলে লাল জামা পরে আছে
2025-06-27 12:58:15.206 | INFO     | __main__:generate_caption:173 - Caption generated successfully for uploaded_images/image.jpg
2025-06-27 12:59:21.259 | INFO     | __main__:lifespan:91 - Unregistering mDNS service...
2025-06-27 12:59:21.719 | INFO     | __main__:lifespan:94 - mDNS service unregistered.
2025-06-27 12:59:21.754 | INFO     | __main__:<module>:194 - Shutting down the server
2025-06-27 12:59:21.762 | INFO     | __main__:<module>:196 - Unregistering mDNS service...
2025-06-28 07:17:54.763 | INFO     | __main__:<module>:38 - Upload folder initialized at uploaded_images
2025-06-28 07:17:54.766 | INFO     | __main__:<module>:48 - CORS middleware configured
2025-06-28 07:17:54.773 | INFO     | __main__:<module>:178 - Registering mDNS service...
2025-06-28 07:17:54.776 | INFO     | __main__:register_mdns_service:73 - Registering service: ServiceInfo(type='_http._tcp.local.', name='VisionXAI API._http._tcp.local.', addresses=[b'\xac\x12\x00\x02'], port=5353, weight=0, priority=0, server='020d3a5e218a.local.', properties={'description': 'Image Captioning API in Bengali'}, interface_index=None)
2025-06-28 07:17:54.778 | INFO     | __main__:register_mdns_service:76 - Attempting to register mDNS service...
2025-06-28 07:17:55.585 | INFO     | __main__:register_mdns_service:79 - mDNS service registered successfully.
2025-06-28 07:17:55.587 | INFO     | __main__:register_mdns_service:83 - mDNS service registered: VisionXAI API._http._tcp.local. on 172.18.0.2:5353
2025-06-28 07:17:55.588 | INFO     | __main__:<module>:185 - Starting the API server at http://172.18.0.2:5000
2025-06-28 10:55:44.329 | INFO     | __main__:lifespan:91 - Unregistering mDNS service...
2025-06-28 10:55:45.973 | INFO     | __main__:lifespan:94 - mDNS service unregistered.
2025-06-28 10:55:46.463 | INFO     | __main__:<module>:194 - Shutting down the server
2025-06-28 10:55:46.498 | INFO     | __main__:<module>:196 - Unregistering mDNS service...
2025-06-28 10:56:39.683 | INFO     | __main__:<module>:38 - Upload folder initialized at uploaded_images
2025-06-28 10:56:39.685 | INFO     | __main__:<module>:48 - CORS middleware configured
2025-06-28 10:56:39.703 | INFO     | __main__:<module>:178 - Registering mDNS service...
2025-06-28 10:56:39.704 | INFO     | __main__:register_mdns_service:73 - Registering service: ServiceInfo(type='_http._tcp.local.', name='VisionXAI API._http._tcp.local.', addresses=[b'\xac\x12\x00\x02'], port=5353, weight=0, priority=0, server='8908cd644090.local.', properties={'description': 'Image Captioning API in Bengali'}, interface_index=None)
2025-06-28 10:56:39.706 | INFO     | __main__:register_mdns_service:76 - Attempting to register mDNS service...
2025-06-28 10:56:40.520 | INFO     | __main__:register_mdns_service:79 - mDNS service registered successfully.
2025-06-28 10:56:40.523 | INFO     | __main__:register_mdns_service:83 - mDNS service registered: VisionXAI API._http._tcp.local. on 172.18.0.2:5353
2025-06-28 10:56:40.525 | INFO     | __main__:<module>:185 - Starting the API server at http://172.18.0.2:5000
2025-06-28 10:57:49.351 | INFO     | __main__:upload_image:117 - Upload endpoint called
2025-06-28 10:57:49.352 | INFO     | __main__:upload_image:131 - Clearing existing files in the upload folder
2025-06-28 10:57:49.360 | INFO     | __main__:upload_image:142 - Image uploaded successfully: uploaded_images/image.jpg
2025-06-28 10:57:49.407 | INFO     | __main__:generate_caption:151 - Caption generation endpoint called
2025-06-28 10:57:49.410 | INFO     | __main__:generate_caption:165 - Generating caption for image: uploaded_images/image.jpg
2025-06-28 10:57:50.586 | INFO     | ImgCap.captioner:generate:708 - Generated caption for image uploaded_images/image.jpg: একটি মেয়ে টি দাঁড়িয়ে আছে
2025-06-28 10:57:50.587 | INFO     | __main__:generate_caption:173 - Caption generated successfully for uploaded_images/image.jpg
2025-06-28 10:58:31.272 | INFO     | __main__:lifespan:91 - Unregistering mDNS service...
2025-06-28 10:58:31.526 | INFO     | __main__:lifespan:94 - mDNS service unregistered.
2025-06-28 10:58:31.528 | INFO     | __main__:<module>:194 - Shutting down the server
2025-06-28 10:58:31.529 | INFO     | __main__:<module>:196 - Unregistering mDNS service...
