2025-06-27 13:27:04.474 | INFO     | ImgCap.captioner:load_vocab:49 - Loading vocabulary from ImgCap/weights/vocab_20250625_042759
2025-06-27 13:27:04.491 | INFO     | ImgCap.captioner:load_vocab:52 - Vocabulary loaded successfully
2025-06-27 13:27:40.429 | INFO     | ImgCap.captioner:get_cnn_model:142 - CNN Model Loaded
2025-06-27 13:27:40.466 | INFO     | ImgCap.captioner:load_weights:573 - Found saved weights, loading them now...
2025-06-27 13:27:43.263 | INFO     | ImgCap.captioner:load_weights:575 - Saved weights loaded successfully
2025-06-27 13:27:43.275 | INFO     | ImgCap.captioner:<module>:591 - Vocabulary size: 2848
2025-06-27 13:27:43.349 | INFO     | __main__:<module>:38 - Upload folder initialized at uploaded_images
2025-06-27 13:27:43.356 | INFO     | __main__:<module>:48 - CORS middleware configured
2025-06-27 13:27:43.367 | INFO     | __main__:<module>:178 - Registering mDNS service...
2025-06-27 13:27:43.368 | INFO     | __main__:register_mdns_service:73 - Registering service: ServiceInfo(type='_http._tcp.local.', name='VisionXAI API._http._tcp.local.', addresses=[b'\xac\x12\x00\x02'], port=5353, weight=0, priority=0, server='020d3a5e218a.local.', properties={'description': 'Image Captioning API in Bengali'}, interface_index=None)
2025-06-27 13:27:43.371 | INFO     | __main__:register_mdns_service:76 - Attempting to register mDNS service...
2025-06-27 13:27:44.183 | INFO     | __main__:register_mdns_service:79 - mDNS service registered successfully.
2025-06-27 13:27:44.187 | INFO     | __main__:register_mdns_service:83 - mDNS service registered: VisionXAI API._http._tcp.local. on 172.18.0.2:5353
2025-06-27 13:27:44.190 | INFO     | __main__:<module>:185 - Starting the API server at http://172.18.0.2:5000
2025-06-27 13:27:57.551 | INFO     | __main__:upload_image:117 - Upload endpoint called
2025-06-27 13:27:57.555 | INFO     | __main__:upload_image:131 - Clearing existing files in the upload folder
2025-06-27 13:27:57.600 | INFO     | __main__:upload_image:142 - Image uploaded successfully: uploaded_images/image.jpg
2025-06-27 13:27:57.694 | INFO     | __main__:generate_caption:151 - Caption generation endpoint called
2025-06-27 13:27:57.709 | INFO     | __main__:generate_caption:165 - Generating caption for image: uploaded_images/image.jpg
2025-06-27 13:28:01.352 | INFO     | ImgCap.captioner:generate:708 - Generated caption for image uploaded_images/image.jpg: একটা ছেলে লাল জামা পরে আছে
2025-06-27 13:28:01.354 | INFO     | __main__:generate_caption:173 - Caption generated successfully for uploaded_images/image.jpg
2025-06-27 13:28:01.539 | INFO     | __main__:upload_image:117 - Upload endpoint called
2025-06-27 13:28:01.541 | INFO     | __main__:upload_image:131 - Clearing existing files in the upload folder
2025-06-27 13:28:01.557 | INFO     | __main__:upload_image:142 - Image uploaded successfully: uploaded_images/image.jpg
2025-06-27 13:28:01.570 | INFO     | __main__:generate_caption:151 - Caption generation endpoint called
2025-06-27 13:28:01.577 | INFO     | __main__:generate_caption:165 - Generating caption for image: uploaded_images/image.jpg
2025-06-27 13:28:02.875 | INFO     | ImgCap.captioner:generate:708 - Generated caption for image uploaded_images/image.jpg: একটা ছেলে লাল জামা পরে আছে
2025-06-27 13:28:02.879 | INFO     | __main__:generate_caption:173 - Caption generated successfully for uploaded_images/image.jpg
2025-06-27 13:28:05.000 | INFO     | __main__:upload_image:117 - Upload endpoint called
2025-06-27 13:28:05.004 | INFO     | __main__:upload_image:131 - Clearing existing files in the upload folder
2025-06-27 13:28:05.053 | INFO     | __main__:upload_image:142 - Image uploaded successfully: uploaded_images/image.jpg
2025-06-27 13:28:05.087 | INFO     | __main__:generate_caption:151 - Caption generation endpoint called
2025-06-27 13:28:05.102 | INFO     | __main__:generate_caption:165 - Generating caption for image: uploaded_images/image.jpg
2025-06-27 13:28:06.884 | INFO     | ImgCap.captioner:generate:708 - Generated caption for image uploaded_images/image.jpg: একটা ছেলে লাল জামা পরে আছে
2025-06-27 13:28:06.887 | INFO     | __main__:generate_caption:173 - Caption generated successfully for uploaded_images/image.jpg
2025-06-27 13:29:08.599 | INFO     | __main__:upload_image:117 - Upload endpoint called
2025-06-27 13:29:08.604 | INFO     | __main__:upload_image:131 - Clearing existing files in the upload folder
2025-06-27 13:29:08.653 | INFO     | __main__:upload_image:142 - Image uploaded successfully: uploaded_images/image.jpg
2025-06-27 13:29:08.746 | INFO     | __main__:generate_caption:151 - Caption generation endpoint called
2025-06-27 13:29:08.761 | INFO     | __main__:generate_caption:165 - Generating caption for image: uploaded_images/image.jpg
2025-06-27 13:29:10.750 | INFO     | ImgCap.captioner:generate:708 - Generated caption for image uploaded_images/image.jpg: একটা ছেলে লাল জামা পরে আছে
2025-06-27 13:29:10.753 | INFO     | __main__:generate_caption:173 - Caption generated successfully for uploaded_images/image.jpg
2025-06-27 13:31:05.303 | INFO     | __main__:lifespan:91 - Unregistering mDNS service...
2025-06-27 13:31:05.560 | INFO     | __main__:lifespan:94 - mDNS service unregistered.
2025-06-27 13:31:05.564 | INFO     | __main__:<module>:194 - Shutting down the server
2025-06-27 13:31:05.566 | INFO     | __main__:<module>:196 - Unregistering mDNS service...
