2025-06-28 10:56:15.432 | INFO     | ImgCap.captioner:load_vocab:49 - Loading vocabulary from ImgCap/weights/vocab_20250628_074200
2025-06-28 10:56:15.448 | INFO     | ImgCap.captioner:load_vocab:52 - Vocabulary loaded successfully
2025-06-28 10:56:37.028 | INFO     | ImgCap.captioner:get_cnn_model:142 - CNN Model Loaded
2025-06-28 10:56:37.062 | INFO     | ImgCap.captioner:load_weights:573 - Found saved weights, loading them now...
2025-06-28 10:56:39.600 | INFO     | ImgCap.captioner:load_weights:575 - Saved weights loaded successfully
2025-06-28 10:56:39.619 | INFO     | ImgCap.captioner:<module>:591 - Vocabulary size: 9332
2025-06-28 10:56:39.683 | INFO     | __main__:<module>:38 - Upload folder initialized at uploaded_images
2025-06-28 10:56:39.685 | INFO     | __main__:<module>:48 - CORS middleware configured
2025-06-28 10:56:39.703 | INFO     | __main__:<module>:178 - Registering mDNS service...
2025-06-28 10:56:39.704 | INFO     | __main__:register_mdns_service:73 - Registering service: ServiceInfo(type='_http._tcp.local.', name='VisionXAI API._http._tcp.local.', addresses=[b'\xac\x12\x00\x02'], port=5353, weight=0, priority=0, server='8908cd644090.local.', properties={'description': 'Image Captioning API in Bengali'}, interface_index=None)
2025-06-28 10:56:39.706 | INFO     | __main__:register_mdns_service:76 - Attempting to register mDNS service...
2025-06-28 10:56:40.520 | INFO     | __main__:register_mdns_service:79 - mDNS service registered successfully.
2025-06-28 10:56:40.523 | INFO     | __main__:register_mdns_service:83 - mDNS service registered: VisionXAI API._http._tcp.local. on 172.18.0.2:5353
2025-06-28 10:56:40.525 | INFO     | __main__:<module>:185 - Starting the API server at http://172.18.0.2:5000
2025-06-28 10:57:49.351 | INFO     | __main__:upload_image:117 - Upload endpoint called
2025-06-28 10:57:49.352 | INFO     | __main__:upload_image:131 - Clearing existing files in the upload folder
2025-06-28 10:57:49.360 | INFO     | __main__:upload_image:142 - Image uploaded successfully: uploaded_images/image.jpg
2025-06-28 10:57:49.407 | INFO     | __main__:generate_caption:151 - Caption generation endpoint called
2025-06-28 10:57:49.410 | INFO     | __main__:generate_caption:165 - Generating caption for image: uploaded_images/image.jpg
2025-06-28 10:57:50.586 | INFO     | ImgCap.captioner:generate:708 - Generated caption for image uploaded_images/image.jpg: একটি মেয়ে টি দাঁড়িয়ে আছে
2025-06-28 10:57:50.587 | INFO     | __main__:generate_caption:173 - Caption generated successfully for uploaded_images/image.jpg
2025-06-28 10:58:31.272 | INFO     | __main__:lifespan:91 - Unregistering mDNS service...
2025-06-28 10:58:31.526 | INFO     | __main__:lifespan:94 - mDNS service unregistered.
2025-06-28 10:58:31.528 | INFO     | __main__:<module>:194 - Shutting down the server
2025-06-28 10:58:31.529 | INFO     | __main__:<module>:196 - Unregistering mDNS service...
