2025-06-09 14:30:55.595 | INFO     | ImgCap.captioner:load_vocab:49 - Loading vocabulary from ImgCap/weights/vocab_20250609_104442
2025-06-09 14:30:55.608 | INFO     | ImgCap.captioner:load_vocab:52 - Vocabulary loaded successfully
2025-06-09 14:31:09.845 | INFO     | ImgCap.captioner:get_cnn_model:142 - CNN Model Loaded
2025-06-09 14:31:09.872 | INFO     | ImgCap.captioner:load_weights:573 - Found saved weights, loading them now...
2025-06-09 14:31:12.105 | INFO     | ImgCap.captioner:load_weights:575 - Saved weights loaded successfully
2025-06-09 14:31:12.111 | INFO     | ImgCap.captioner:<module>:591 - Vocabulary size: 2685
2025-06-09 14:31:12.145 | INFO     | __main__:<module>:38 - Upload folder initialized at uploaded_images
2025-06-09 14:31:12.147 | INFO     | __main__:<module>:48 - CORS middleware configured
2025-06-09 14:31:12.154 | INFO     | __main__:<module>:178 - Registering mDNS service...
2025-06-09 14:31:12.155 | INFO     | __main__:register_mdns_service:73 - Registering service: ServiceInfo(type='_http._tcp.local.', name='VisionXAI API._http._tcp.local.', addresses=[b'\xac\x12\x00\x02'], port=5353, weight=0, priority=0, server='1c7909cf3197.local.', properties={'description': 'Image Captioning API in Bengali'}, interface_index=None)
2025-06-09 14:31:12.158 | INFO     | __main__:register_mdns_service:76 - Attempting to register mDNS service...
2025-06-09 14:31:12.958 | INFO     | __main__:register_mdns_service:79 - mDNS service registered successfully.
2025-06-09 14:31:12.959 | INFO     | __main__:register_mdns_service:83 - mDNS service registered: VisionXAI API._http._tcp.local. on 172.18.0.2:5353
2025-06-09 14:31:12.960 | INFO     | __main__:<module>:185 - Starting the API server at http://172.18.0.2:5000
2025-06-09 14:31:48.931 | INFO     | __main__:upload_image:117 - Upload endpoint called
2025-06-09 14:31:48.933 | INFO     | __main__:upload_image:131 - Clearing existing files in the upload folder
2025-06-09 14:31:48.940 | INFO     | __main__:upload_image:142 - Image uploaded successfully: uploaded_images/image.jpg
2025-06-09 14:31:49.021 | INFO     | __main__:generate_caption:151 - Caption generation endpoint called
2025-06-09 14:31:49.024 | INFO     | __main__:generate_caption:165 - Generating caption for image: uploaded_images/image.jpg
2025-06-09 14:31:49.881 | INFO     | ImgCap.captioner:generate:708 - Generated caption for image uploaded_images/image.jpg: মহিলা টি শাড়ি পরে আছে
2025-06-09 14:31:49.882 | INFO     | __main__:generate_caption:173 - Caption generated successfully for uploaded_images/image.jpg
2025-06-09 14:33:02.005 | INFO     | __main__:lifespan:91 - Unregistering mDNS service...
2025-06-09 14:33:02.258 | INFO     | __main__:lifespan:94 - mDNS service unregistered.
2025-06-09 14:33:02.260 | INFO     | __main__:<module>:194 - Shutting down the server
2025-06-09 14:33:02.261 | INFO     | __main__:<module>:196 - Unregistering mDNS service...
