2025-06-27 13:13:44.732 | INFO     | ImgCap.captioner:load_vocab:49 - Loading vocabulary from ImgCap/weights/vocab_20250625_042759
2025-06-27 13:13:44.743 | INFO     | ImgCap.captioner:load_vocab:52 - Vocabulary loaded successfully
2025-06-27 13:15:06.202 | INFO     | ImgCap.captioner:get_cnn_model:142 - CNN Model Loaded
2025-06-27 13:15:06.230 | INFO     | ImgCap.captioner:load_weights:573 - Found saved weights, loading them now...
2025-06-27 13:15:08.382 | INFO     | ImgCap.captioner:load_weights:575 - Saved weights loaded successfully
2025-06-27 13:15:08.388 | INFO     | ImgCap.captioner:<module>:591 - Vocabulary size: 2848
2025-06-27 13:15:08.423 | INFO     | __main__:<module>:38 - Upload folder initialized at uploaded_images
2025-06-27 13:15:08.427 | INFO     | __main__:<module>:48 - CORS middleware configured
2025-06-27 13:15:08.436 | INFO     | __main__:<module>:178 - Registering mDNS service...
2025-06-27 13:15:08.437 | INFO     | __main__:register_mdns_service:73 - Registering service: ServiceInfo(type='_http._tcp.local.', name='VisionXAI API._http._tcp.local.', addresses=[b'\xac\x12\x00\x02'], port=5353, weight=0, priority=0, server='13b30fbc29ff.local.', properties={'description': 'Image Captioning API in Bengali'}, interface_index=None)
2025-06-27 13:15:08.439 | INFO     | __main__:register_mdns_service:76 - Attempting to register mDNS service...
2025-06-27 13:15:09.250 | INFO     | __main__:register_mdns_service:79 - mDNS service registered successfully.
2025-06-27 13:15:09.254 | INFO     | __main__:register_mdns_service:83 - mDNS service registered: VisionXAI API._http._tcp.local. on 172.18.0.2:5353
2025-06-27 13:15:09.258 | INFO     | __main__:<module>:185 - Starting the API server at http://172.18.0.2:5000
2025-06-27 13:16:16.966 | INFO     | __main__:upload_image:117 - Upload endpoint called
2025-06-27 13:16:16.968 | INFO     | __main__:upload_image:131 - Clearing existing files in the upload folder
2025-06-27 13:16:16.980 | INFO     | __main__:upload_image:142 - Image uploaded successfully: uploaded_images/image.jpg
2025-06-27 13:16:17.141 | INFO     | __main__:generate_caption:151 - Caption generation endpoint called
2025-06-27 13:16:17.145 | INFO     | __main__:generate_caption:165 - Generating caption for image: uploaded_images/image.jpg
2025-06-27 13:16:18.937 | INFO     | ImgCap.captioner:generate:708 - Generated caption for image uploaded_images/image.jpg: একটা ছেলে লাল জামা পরে আছে
2025-06-27 13:16:18.938 | INFO     | __main__:generate_caption:173 - Caption generated successfully for uploaded_images/image.jpg
2025-06-27 13:22:49.687 | INFO     | __main__:lifespan:91 - Unregistering mDNS service...
2025-06-27 13:22:49.944 | INFO     | __main__:lifespan:94 - mDNS service unregistered.
2025-06-27 13:22:49.953 | INFO     | __main__:<module>:194 - Shutting down the server
2025-06-27 13:22:49.956 | INFO     | __main__:<module>:196 - Unregistering mDNS service...
