2025-06-27 05:41:23.468 | INFO     | ImgCap.captioner:load_vocab:49 - Loading vocabulary from ImgCap/weights/vocab_20250625_042759
2025-06-27 05:41:23.484 | INFO     | ImgCap.captioner:load_vocab:52 - Vocabulary loaded successfully
2025-06-27 05:41:39.602 | INFO     | ImgCap.captioner:get_cnn_model:142 - CNN Model Loaded
2025-06-27 05:41:39.635 | INFO     | ImgCap.captioner:load_weights:573 - Found saved weights, loading them now...
2025-06-27 05:41:41.988 | INFO     | ImgCap.captioner:load_weights:575 - Saved weights loaded successfully
2025-06-27 05:41:41.997 | INFO     | ImgCap.captioner:<module>:591 - Vocabulary size: 2848
2025-06-27 05:41:42.036 | INFO     | __main__:<module>:38 - Upload folder initialized at uploaded_images
2025-06-27 05:41:42.116 | INFO     | __main__:<module>:48 - CORS middleware configured
2025-06-27 05:41:42.124 | INFO     | __main__:<module>:178 - Registering mDNS service...
2025-06-27 05:41:42.125 | INFO     | __main__:register_mdns_service:73 - Registering service: ServiceInfo(type='_http._tcp.local.', name='VisionXAI API._http._tcp.local.', addresses=[b'\xac\x12\x00\x02'], port=5353, weight=0, priority=0, server='d165c79d00e8.local.', properties={'description': 'Image Captioning API in Bengali'}, interface_index=None)
2025-06-27 05:41:42.130 | INFO     | __main__:register_mdns_service:76 - Attempting to register mDNS service...
2025-06-27 05:41:42.940 | INFO     | __main__:register_mdns_service:79 - mDNS service registered successfully.
2025-06-27 05:41:42.944 | INFO     | __main__:register_mdns_service:83 - mDNS service registered: VisionXAI API._http._tcp.local. on 172.18.0.2:5353
2025-06-27 05:41:42.948 | INFO     | __main__:<module>:185 - Starting the API server at http://172.18.0.2:5000
2025-06-27 05:44:31.834 | INFO     | __main__:upload_image:117 - Upload endpoint called
2025-06-27 05:44:31.835 | INFO     | __main__:upload_image:131 - Clearing existing files in the upload folder
2025-06-27 05:44:31.871 | INFO     | __main__:upload_image:142 - Image uploaded successfully: uploaded_images/image.jpg
2025-06-27 05:44:31.897 | INFO     | __main__:generate_caption:151 - Caption generation endpoint called
2025-06-27 05:44:31.900 | INFO     | __main__:generate_caption:165 - Generating caption for image: uploaded_images/image.jpg
2025-06-27 05:44:34.990 | INFO     | ImgCap.captioner:generate:708 - Generated caption for image uploaded_images/image.jpg: একটা ছেলে লাল জামা পরে আছে
2025-06-27 05:44:34.991 | INFO     | __main__:generate_caption:173 - Caption generated successfully for uploaded_images/image.jpg
2025-06-27 05:47:45.686 | INFO     | __main__:lifespan:91 - Unregistering mDNS service...
2025-06-27 05:47:45.945 | INFO     | __main__:lifespan:94 - mDNS service unregistered.
2025-06-27 05:47:45.956 | INFO     | __main__:<module>:194 - Shutting down the server
2025-06-27 05:47:45.961 | INFO     | __main__:<module>:196 - Unregistering mDNS service...
